// Jest Snapshot v1, https://goo.gl/fbAQLP

exports[`PlantListPage renders correctly 1`] = `
.c0 {
  display: -webkit-box;
  display: -webkit-flex;
  display: -ms-flexbox;
  display: flex;
  width: 100%;
  -webkit-box-pack: justify;
  -webkit-justify-content: space-between;
  -ms-flex-pack: justify;
  justify-content: space-between;
  z-index: 10;
}

.c2 {
  -webkit-align-items: baseline;
  -webkit-box-align: baseline;
  -ms-flex-align: baseline;
  align-items: baseline;
  background: var(--primary-dark);
  border-radius: 0 0 50px 0;
  box-shadow: 0 0 4px var(--shadow);
  display: -webkit-inline-box;
  display: -webkit-inline-flex;
  display: -ms-inline-flexbox;
  display: inline-flex;
  padding: 20px 30px 13px 20px;
}

.c2 svg {
  margin-right: 12px;
}

.c3 {
  color: var(--primary-light);
  font-size: 1.75rem;
  font-weight: 700;
  line-height: 1;
}

.c4 {
  margin: 14px 14px 0 0;
}

.c1 {
  left: 0;
  position: fixed;
  top: 0;
}

<header
  class="c0 c1"
>
  <div
    class="c2"
  >
    <h1
      class="c3"
    >
      My Plants
    </h1>
  </div>
  <svg
    class="c4"
  >
    logouticon.svg
  </svg>
</header>
`;
