// Jest Snapshot v1, https://goo.gl/fbAQLP

exports[`PlantCard renders correctly 1`] = `
.c3 {
  display: grid;
  gap: 6px 6px;
  grid-template-columns: 15px auto;
  padding: 10px 0 0;
  place-items: center;
  width: 100%;
}

.c4 {
  background-color: var(--bar-bg-color);
  border-radius: 1px;
  height: 2px;
  position: relative;
  width: 100%;
}

.c5 {
  border-radius: 3px;
  height: 6px;
  min-width: 5px;
  position: absolute;
  top: -2px;
}

.c6 {
  background-color: var(--bar-water-color);
  width: 40%;
}

.c7 {
  background-color: var(--bar-fertilizer-color);
  width: 50%;
}

.c0 {
  display: grid;
  place-items: center;
}

.c1 {
  background-image: url(default_plant.jpg);
  background-position: center;
  background-size: cover,contain;
  border-radius: 50%;
  height: 100px;
  margin-bottom: 10px;
  width: 100px;
}

.c2 {
  color: var(--primary-plant-font-color);
  font-size: 1.25rem;
  font-weight: 400;
}

<div
  class="c0"
>
  <div
    class="c1"
    src="default_plant.jpg"
  />
  <h5
    class="c2"
  >
    Jack
  </h5>
  <div
    class="c3"
  >
    <svg>
      watericon.svg
    </svg>
    <div
      class="c4"
    >
      <div
        class="c5 c6"
      />
    </div>
    <svg>
      fertilizericon.svg
    </svg>
    <div
      class="c4"
    >
      <div
        class="c5 c7"
      />
    </div>
  </div>
</div>
`;
